Statement for BigCo
  Hamlet: $650.00 (55 seats)
  As You Like It: $580.00 (35 seats)
  On The Road: $360.00 (20 seats)
  Othello: $400.00 (30 seats)
Amount owed is $1,990.00
You earned 41 credits
